// Jest Snapshot v1, https://goo.gl/fbAQLP

exports[`renders correctly 1`] = `
<View
  style={
    Object {
      "alignItems": "center",
      "flex": 1,
      "justifyContent": "space-around",
    }
  }
>
  <Text
    style={
      Object {
        "fontSize": 23,
        "fontWeight": "bold",
      }
    }
  >
    Mobile Survey App
  </Text>
  <View
    style={
      Object {
        "alignItems": "center",
        "paddingVertical": 30,
      }
    }
  >
    <Text
      style={
        Object {
          "fontSize": 18,
        }
      }
    >
      How was your sleep last night
    </Text>
  </View>
  <View
    style={
      Object {
        "alignItems": "center",
        "paddingVertical": 30,
      }
    }
  >
    <Text
      style={
        Object {
          "fontSize": 18,
        }
      }
    >
      How good is your skin condition  
    </Text>
  </View>
  <View
    style={
      Object {
        "flexDirection": "row",
        "justifyContent": "space-around",
      }
    }
  >
    <View
      style={
        Object {
          "paddingHorizontal": 20,
        }
      }
    >
      <View
        accessibilityRole="button"
        accessible={true}
        collapsable={false}
        focusable={true}
        onClick={[Function]}
        onResponderGrant={[Function]}
        onResponderMove={[Function]}
        onResponderRelease={[Function]}
        onResponderTerminate={[Function]}
        onResponderTerminationRequest={[Function]}
        onStartShouldSetResponder={[Function]}
        style={
          Object {
            "opacity": 1,
          }
        }
      >
        <View
          style={
            Array [
              Object {},
            ]
          }
        >
          <Text
            style={
              Array [
                Object {
                  "color": "#007AFF",
                  "fontSize": 18,
                  "margin": 8,
                  "textAlign": "center",
                },
              ]
            }
          >
            Clear
          </Text>
        </View>
      </View>
    </View>
    <View
      style={
        Object {
          "paddingHorizontal": 20,
        }
      }
    >
      <View
        accessibilityRole="button"
        accessible={true}
        collapsable={false}
        focusable={true}
        onClick={[Function]}
        onResponderGrant={[Function]}
        onResponderMove={[Function]}
        onResponderRelease={[Function]}
        onResponderTerminate={[Function]}
        onResponderTerminationRequest={[Function]}
        onStartShouldSetResponder={[Function]}
        style={
          Object {
            "opacity": 1,
          }
        }
      >
        <View
          style={
            Array [
              Object {},
            ]
          }
        >
          <Text
            style={
              Array [
                Object {
                  "color": "#007AFF",
                  "fontSize": 18,
                  "margin": 8,
                  "textAlign": "center",
                },
              ]
            }
          >
            Submit
          </Text>
        </View>
      </View>
    </View>
  </View>
</View>
`;
